// Vitest Snapshot v1, https://vitest.dev/guide/snapshot.html

exports[`styled golden frames > renders the busy dock with its escapes 1`] = `
[
  "",
  "[1m◎ goal round 6/256 · complete the plan for this dsh-tui plugin[0m",
  "",
  "[1m⏸ plan mode · answer the plan before edits happen[0m",
  "",
  "[38;2;39;245;200m┄┄ [0m[1m⚇ subagents · 1 running[0m[38;2;39;245;200m ┄┄┄┄┄┄┄┄┄┄┄┄┄┄┄┄┄┄┄┄┄┄┄┄┄┄┄┄┄┄┄┄┄┄┄┄┄┄┄┄┄┄┄┄┄┄┄┄┄┄┄┄┄[0m",
  "[38;2;138;138;138m  ▸ c000cfa3 · spawn · running 4s[0m",
  "",
  "[38;2;215;175;95m┄┄ [0m[1m⛭ jobs · 1 running[0m[38;2;215;175;95m ┄┄┄┄┄┄┄┄┄┄┄┄┄┄┄┄┄┄┄┄┄┄┄┄┄┄┄┄┄┄┄┄┄┄┄┄┄┄┄┄┄┄┄┄┄┄┄┄┄┄┄┄┄┄┄┄┄┄[0m",
  "[38;2;138;138;138m  ▸ bash-1 · running 12s — sleep 45 && echo bg-done[0m",
  "",
  "[38;2;95;175;215m┄┄ [0m[1m☰ todos · 1 left[0m[38;2;95;175;215m ┄┄┄┄┄┄┄┄┄┄┄┄┄┄┄┄┄┄┄┄┄┄┄┄┄┄┄┄┄┄┄┄┄┄┄┄┄┄┄┄┄┄┄┄┄┄┄┄┄┄┄┄┄┄┄┄┄┄┄[0m",
  "[38;2;138;138;138m  ▸ verify the dock[0m",
]
`;

exports[`styled golden frames > renders the diagram with its escapes 1`] = `
[
  "",
  "[38;2;214;194;154m│[0m The fold keeps a session small.                                               ",
  "[38;2;214;194;154m│[0m                                                                               ",
  "[38;2;214;194;154m│[0m [38;2;95;175;215m          [38;2;138;138;138m┌────────────────────┐[0m[0m                                              ",
  "[38;2;214;194;154m│[0m [38;2;95;175;215m          [38;2;138;138;138m│[0m read the event log [38;2;138;138;138m│[0m[0m                                              ",
  "[38;2;214;194;154m│[0m [38;2;95;175;215m          [38;2;138;138;138m└──────────┬─────────┘[0m[0m                                              ",
  "[38;2;214;194;154m│[0m [38;2;95;175;215m                     [38;2;95;175;215m│[0m[0m                                                        ",
  "[38;2;214;194;154m│[0m [38;2;95;175;215m                     [38;2;95;175;215m▼[0m[0m                                                        ",
  "[38;2;214;194;154m│[0m [38;2;95;175;215m         [38;2;138;138;138m┌──────────────────────┐[0m[0m                                             ",
  "[38;2;214;194;154m│[0m [38;2;95;175;215m         [38;2;138;138;138m│[0m fold settled entries [38;2;138;138;138m│[0m[0m                                             ",
  "[38;2;214;194;154m│[0m [38;2;95;175;215m         [38;2;138;138;138m└───────────┬──────────┘[0m[0m                                             ",
  "[38;2;214;194;154m│[0m [38;2;95;175;215m                     [38;2;95;175;215m│[0m[0m                                                        ",
  "[38;2;214;194;154m│[0m [38;2;95;175;215m                     [38;2;95;175;215m▼[0m[0m                                                        ",
  "[38;2;214;194;154m│[0m [38;2;95;175;215m             [38;2;138;138;138m╔═══════════════╗[0m[0m                                                ",
  "[38;2;214;194;154m│[0m [38;2;95;175;215m             [38;2;138;138;138m║[0m cursor moved? [38;2;138;138;138m║[0m[0m                                                ",
  "[38;2;214;194;154m│[0m [38;2;95;175;215m             [38;2;138;138;138m╚═══════╤═══════╝[0m[0m                                                ",
  "[38;2;214;194;154m│[0m [38;2;95;175;215m          [38;2;95;175;215m┌──────────┴───────────┐[0m[0m                                            ",
  "[38;2;214;194;154m│[0m [38;2;95;175;215m          [38;2;95;175;215m▼[0m[38;2;138;138;138myes[0m                   [38;2;95;175;215m▼[0m[38;2;138;138;138mno[0m[0m                                          ",
  "[38;2;214;194;154m│[0m [38;2;95;175;215m[38;2;138;138;138m┌──────────────────┐[0m    [38;2;138;138;138m┌─────────────────┐[0m[0m                                   ",
  "[38;2;214;194;154m│[0m [38;2;95;175;215m[38;2;138;138;138m│[0m rebuild the rows [38;2;138;138;138m│[0m    [38;2;138;138;138m│[0m reuse the cache [38;2;138;138;138m│[0m[0m                                   ",
  "[38;2;214;194;154m│[0m [38;2;95;175;215m[38;2;138;138;138m└──────────────────┘[0m    [38;2;138;138;138m└─────────────────┘[0m[0m                                   ",
  "[38;2;214;194;154m│[0m                                                                               ",
  "[38;2;214;194;154m│[0m Settled rows are cached.                                                      ",
  "",
]
`;

exports[`styled golden frames > renders the parked-draft count with its escapes 1`] = `
[
  "[38;2;138;138;138m● ready[0m[38;2;138;138;138m · [0m[38;2;138;138;138mstandard[0m[38;2;138;138;138m · [0m[38;2;138;138;138mzai-coding-cn/glm-5.3[0m[38;2;138;138;138m (max)[0m[38;2;138;138;138m · [0m[38;2;138;138;138mworkspace-write[0m[38;2;138;138;138m · [0m[38;2;95;175;215mstash 3[0m[38;2;138;138;138m ·",
  "[38;2;138;138;138m[0m[38;2;138;138;138mctx 17.5k/1.0M[0m[38;2;138;138;138m · [0m[38;2;138;138;138mcache 87%[0m[38;2;138;138;138m · [0m[38;2;138;138;138m~/src/app[0m",
]
`;

exports[`styled golden frames > renders the prompt and the thought with their escapes 1`] = `
[
  "",
  "[38;2;138;138;138m│[0m [38;2;39;245;200msummarize this:[0m                                                               ",
  "[38;2;138;138;138m│[0m                                                                               ",
  "[38;2;138;138;138m│[0m [38;2;95;175;215m- [0m[38;2;39;245;200mfirst item[0m                                                                  ",
  "[38;2;138;138;138m│[0m [38;2;95;175;215m- [0m[38;2;39;245;200msecond item[0m                                                                 ",
  "[38;2;138;138;138m│[0m                                                                               ",
  "[38;2;138;138;138m│[0m [38;2;138;138;138m\`\`\`ts[0m                                                                         ",
  "[38;2;138;138;138m│[0m   const x = 1                                                                 ",
  "[38;2;138;138;138m│[0m [38;2;138;138;138m\`\`\`[0m                                                                           ",
  "",
  "[3;38;2;102;102;102mreasoning · 15 tokens[0m",
  "    [38;2;102;102;102m[38;2;102;102;102mweigh[0m[0m[38;2;102;102;102m[38;2;102;102;102m the options[0m",
  "",
  "    [38;2;102;102;102m1. [0m[38;2;102;102;102mkeep the parser[0m",
  "    [38;2;102;102;102m2. [0m[38;2;102;102;102mdrop the cache[0m",
  "",
  "[38;2;214;194;154m│[0m Kept the parser.                                                              ",
  "",
]
`;

exports[`styled golden frames > renders the queued prompts with their escapes 1`] = `
[
  "",
  "[38;2;138;138;138m│[0m [2;3malso mention the queue in the summary[0m                                         ",
  "",
  "[38;2;138;138;138m│[0m [2;3mand keep the README sentence short, with the same shape the bar above the[0m     ",
  "[38;2;138;138;138m│[0m [2;3meditor draws[0m                                                                  ",
]
`;

exports[`styled golden frames > renders the status row with its escapes 1`] = `
[
  "[38;2;138;138;138m● ready[0m[38;2;138;138;138m · [0m[38;2;138;138;138mstandard[0m[38;2;138;138;138m · [0m[38;2;138;138;138mzai-coding-cn/glm-5.3[0m[38;2;138;138;138m (max)[0m[38;2;138;138;138m · [0m[38;2;138;138;138mworkspace-write[0m[38;2;138;138;138m · [0m[38;2;138;138;138mctx",
  "[38;2;138;138;138m17.5k/1.0M[0m[38;2;138;138;138m · [0m[38;2;138;138;138mcache 87%[0m[38;2;138;138;138m · [0m[38;2;138;138;138m~/source/opensource/deepseek-harness/master[0m",
]
`;

exports[`styled golden frames > renders the transcript with its escapes 1`] = `
[
  "",
  "[38;2;138;138;138m│[0m [38;2;39;245;200madd a dock above the editor[0m                                                   ",
  "",
  "[38;2;138;138;138minjected dsh-agent-instructions · 3 lines — <system-reminder>[0m",
  "",
  "[3;38;2;102;102;102mreasoning · 14 tokens[0m[3;38;2;102;102;102m (shift+tab)[0m",
  "",
  "[38;2;214;194;154m│[0m Done.                                                                         ",
  "[38;2;214;194;154m│[0m                                                                               ",
  "[38;2;214;194;154m│[0m [38;2;95;175;215m- [0mfold the work state                                                         ",
  "[38;2;214;194;154m│[0m [38;2;95;175;215m- [0mrender it only when it says something                                       ",
  "[38;2;214;194;154m│[0m                                                                               ",
  "[38;2;214;194;154m│[0m [38;2;138;138;138m\`\`\`ts[0m                                                                         ",
  "[38;2;214;194;154m│[0m   const dock = new WorkDock(state, theme)                                     ",
  "[38;2;214;194;154m│[0m [38;2;138;138;138m\`\`\`[0m                                                                           ",
  "",
  "[38;2;95;175;215mbash[0m [38;2;141;179;217mpnpm test[0m[38;2;138;138;138m · [0m[38;2;138;138;138mexit 0[0m[38;2;138;138;138m · [0m[38;2;138;138;138m1 line[0m",
  "[38;2;95;175;215mread[0m [38;2;141;179;217msrc/ui/view.ts[0m  [38;2;138;138;138mL1–3[0m[38;2;138;138;138m · [0m[38;2;138;138;138m3 lines[0m[38;2;138;138;138m · [0m[38;2;138;138;138m23 tok[0m",
  "[38;2;138;138;138mcompacted 3 events (≈4200 tokens)[0m",
]
`;

exports[`terminal text > draws a tab, a colour, and a carriage return at 40 columns 1`] = `
[
  "run",
  "    run report",
  "    name        role",
  "    red plain",
  "    progress 100%",
  "    exit 0",
]
`;

exports[`terminal text > draws a tab, a colour, and a carriage return at 80 columns 1`] = `
[
  "run",
  "    run report",
  "    name        role",
  "    red plain",
  "    progress 100%",
  "    exit 0",
]
`;

exports[`terminal text > draws the colour when the terminal has one, and no escape when it does not 1`] = `
"[38;2;95;175;215mrun[0m
    [38;2;141;179;217mrun report[0m
    [38;2;138;138;138mname        role[0m
    [38;2;138;138;138m[38;5;1mred[39m[38;2;138;138;138m plain[0m
    [38;2;138;138;138mprogress 100%[0m
    [38;2;138;138;138mexit 0[0m"
`;

exports[`terminal text > preserves software cursor cells through Unicode, ghosts, masking, and focus 1`] = `
{
  "combining grapheme / 10 / hidden": [
    "│ draft _pi:cä ",
  ],
  "combining grapheme / 10 / visible": [
    "│ draft _pi:c[7mä[0m ",
  ],
  "combining grapheme / 24 / hidden": [
    "│ draft _pi:cä               ",
  ],
  "combining grapheme / 24 / visible": [
    "│ draft _pi:c[7mä[0m               ",
  ],
  "empty / 10 / hidden": [
    "│ _pi:c        ",
  ],
  "empty / 10 / visible": [
    "│ _pi:c[7m [0m       ",
  ],
  "empty / 24 / hidden": [
    "│ _pi:c                      ",
  ],
  "empty / 24 / visible": [
    "│ _pi:c[7m [0m                     ",
  ],
  "end padding / 10 / hidden": [
    "│ draft_pi:c   ",
  ],
  "end padding / 10 / visible": [
    "│ draft_pi:c[7m [0m  ",
  ],
  "end padding / 24 / hidden": [
    "│ draft_pi:c                 ",
  ],
  "end padding / 24 / visible": [
    "│ draft_pi:c[7m [0m                ",
  ],
  "ghost / 10 / hidden": [
    "│ deploy _pi:c ",
  ],
  "ghost / 10 / visible": [
    "│ deploy _pi:c[7m [0m",
  ],
  "ghost / 24 / hidden": [
    "│ deploy _pi:c中 staging     ",
  ],
  "ghost / 24 / visible": [
    "│ deploy _pi:c[7m中[0m staging     ",
  ],
  "joined emoji / 10 / hidden": [
    "│ draft   ",
    "│ _pi:c👩‍💻      ",
  ],
  "joined emoji / 10 / visible": [
    "│ draft   ",
    "│ _pi:c[7m👩‍💻[0m      ",
  ],
  "joined emoji / 24 / hidden": [
    "│ draft _pi:c👩‍💻              ",
  ],
  "joined emoji / 24 / visible": [
    "│ draft _pi:c[7m👩‍💻[0m              ",
  ],
  "masked answer / 10 / hidden": [
    "╭────────╮",
    "│ abcdPR │",
    "│ IVATE_pi:cV │",
    "│ ALUEwx │",
    "│ yz     │",
    "╰────────╯",
  ],
  "masked answer / 10 / visible": [
    "╭────────╮",
    "│ abcdPR │",
    "│ IVATE_pi:c[7mV[0m │",
    "│ ALUEwx │",
    "│ yz     │",
    "╰────────╯",
  ],
  "masked answer / 24 / hidden": [
    "╭──────────────────────╮",
    "│ abcd*******_pi:c*****wxyz │",
    "╰──────────────────────╯",
  ],
  "masked answer / 24 / visible": [
    "╭──────────────────────╮",
    "│ abcd*******_pi:c[7m*[0m****wxyz │",
    "╰──────────────────────╯",
  ],
  "native / unfocused": [
    "│ unfocused             ",
  ],
  "question / 10 / hidden": [
    "╭────────╮",
    "│ custom │",
    "│        │",
    "│ answer_pi:c │",
    "╰────────╯",
  ],
  "question / 10 / visible": [
    "╭────────╮",
    "│ custom │",
    "│        │",
    "│ answer_pi:c[7m [0m│",
    "╰────────╯",
  ],
  "question / 24 / hidden": [
    "╭──────────────────────╮",
    "│ custom answer_pi:c        │",
    "╰──────────────────────╯",
  ],
  "question / 24 / visible": [
    "╭──────────────────────╮",
    "│ custom answer_pi:c[7m [0m       │",
    "╰──────────────────────╯",
  ],
  "software / unfocused": [
    "│ unfocused             ",
  ],
  "styled ghost / 10 / hidden": [
    "[38;2;138;138;138m│[0m deploy _pi:c ",
  ],
  "styled ghost / 10 / visible": [
    "[38;2;138;138;138m│[0m deploy _pi:c[7m [0m",
  ],
  "styled ghost / 24 / hidden": [
    "[38;2;138;138;138m│[0m deploy _pi:c[2m中[0m[2m staging[0m     ",
  ],
  "styled ghost / 24 / visible": [
    "[38;2;138;138;138m│[0m deploy _pi:c[7m[2m中[0m[0m[2m staging[0m     ",
  ],
  "wide grapheme / 10 / hidden": [
    "│ draft   ",
    "│ _pi:c中      ",
  ],
  "wide grapheme / 10 / visible": [
    "│ draft   ",
    "│ _pi:c[7m中[0m      ",
  ],
  "wide grapheme / 24 / hidden": [
    "│ draft _pi:c中              ",
  ],
  "wide grapheme / 24 / visible": [
    "│ draft _pi:c[7m中[0m              ",
  ],
  "wrapped line / 10 / hidden": [
    "│ one     ",
    "│ two     ",
    "│ three   ",
    "│ four    ",
    "│ five    ",
    "│ six 中  ",
    "│ ä_pi:c       ",
  ],
  "wrapped line / 10 / visible": [
    "│ one     ",
    "│ two     ",
    "│ three   ",
    "│ four    ",
    "│ five    ",
    "│ six 中  ",
    "│ ä_pi:c[7m [0m      ",
  ],
  "wrapped line / 24 / hidden": [
    "│ one two three four    ",
    "│ five six 中 ä_pi:c         ",
  ],
  "wrapped line / 24 / visible": [
    "│ one two three four    ",
    "│ five six 中 ä_pi:c[7m [0m        ",
  ],
}
`;
